>outOfBounds : Tensor Nat [1] -> Nat
#^^^^^^^^^^^^ source.vehicle
#            ^ source.vehicle keyword.operator.colon.vehicle
#             ^ source.vehicle
#              ^^^^^^ source.vehicle support.type.tensor.vehicle
#                    ^ source.vehicle
#                     ^^^ source.vehicle support.type.nat.vehicle
#                        ^^ source.vehicle
#                          ^ source.vehicle constant.numeric.integral.decimal.vehicle
#                           ^^ source.vehicle
#                             ^^ source.vehicle keyword.operator.arrow.vehicle
#                               ^ source.vehicle
#                                ^^^ source.vehicle support.type.nat.vehicle
>outOfBounds x = x ! 1
#^^^^^^^^^^^^^^ source.vehicle
#              ^ source.vehicle keyword.operator.define.vehicle
#               ^^^ source.vehicle
#                  ^ source.vehicle keyword.operator.lookup.vehicle
#                   ^ source.vehicle
#                    ^ source.vehicle constant.numeric.integral.decimal.vehicle
>