>-- Test passes dataset of type Tensor Nat [4]
#^^ source.vehicle comment.line.double-dash.vehicle punctuation.definition.comment.vehicle
#  ^^^^^^^^^^^^^^^^^^^^^^^^^^^^^^^^^^^^^^^^^^^ source.vehicle comment.line.double-dash.vehicle
>@dataset
#^^^^^^^^ source.vehicle keyword.other.declaration.dataset.vehicle
>trainingDataset : Tensor Nat [5]
#^^^^^^^^^^^^^^^^ source.vehicle
#                ^ source.vehicle keyword.operator.colon.vehicle
#                 ^ source.vehicle
#                  ^^^^^^ source.vehicle support.type.tensor.vehicle
#                        ^ source.vehicle
#                         ^^^ source.vehicle support.type.nat.vehicle
#                            ^^ source.vehicle
#                              ^ source.vehicle constant.numeric.integral.decimal.vehicle
#                               ^^ source.vehicle
>