>@property
#^^^^^^^^^ source.vehicle keyword.other.declaration.property.vehicle
>trivial : Bool
#^^^^^^^^ source.vehicle
#        ^ source.vehicle keyword.operator.colon.vehicle
#         ^ source.vehicle
#          ^^^^ source.vehicle support.type.bool.vehicle
>trivial = True
#^^^^^^^^ source.vehicle
#        ^ source.vehicle keyword.operator.define.vehicle
#         ^ source.vehicle
#          ^^^^ source.vehicle constant.language.true.vehicle
>