>maximum : Bool
#^^^^^^^^ source.vehicle
#        ^ source.vehicle keyword.operator.colon.vehicle
#         ^ source.vehicle
#          ^^^^ source.vehicle support.type.bool.vehicle
>maximum = 5 <= 1
#^^^^^^^^ source.vehicle
#        ^ source.vehicle keyword.operator.define.vehicle
#         ^ source.vehicle
#          ^ source.vehicle constant.numeric.integral.decimal.vehicle
#           ^ source.vehicle
#            ^^ source.vehicle keyword.operator.lte.vehicle
#              ^ source.vehicle
#               ^ source.vehicle constant.numeric.integral.decimal.vehicle
>